#-----------------------------------------------------------
# Vivado v2019.1 (64-bit)
# SW Build 2552052 on Fri May 24 14:49:42 MDT 2019
# IP Build 2548770 on Fri May 24 18:01:18 MDT 2019
# Start of session at: Mon Mar 13 13:53:04 2023
# Process ID: 14828
# Current directory: C:/Users/bfcoc/Desktop/Shyama/ECE_315_winter_2023/Lab_4_Winter_2023/eClass_uploads/lab_4_v0
# Command line: vivado.exe -gui_launcher_event rodinguilauncherevent28076 C:\Users\bfcoc\Desktop\Shyama\ECE_315_winter_2023\Lab_4_Winter_2023\eClass_uploads\lab_4_v0\lab_4_v0.xpr
# Log file: C:/Users/bfcoc/Desktop/Shyama/ECE_315_winter_2023/Lab_4_Winter_2023/eClass_uploads/lab_4_v0/vivado.log
# Journal file: C:/Users/bfcoc/Desktop/Shyama/ECE_315_winter_2023/Lab_4_Winter_2023/eClass_uploads/lab_4_v0\vivado.jou
#-----------------------------------------------------------
start_gui
open_project C:/Users/bfcoc/Desktop/Shyama/ECE_315_winter_2023/Lab_4_Winter_2023/eClass_uploads/lab_4_v0/lab_4_v0.xpr
update_compile_order -fileset sources_1
